{"phase":"validate","status":"running"}
{"phase":"validate","status":"complete"}
{"phase":"analyze","status":"running"}
{"phase":"analyze","status":"complete"}
{"phase":"select","status":"running"}
{"phase":"select","status":"complete"}
{"phase":"review-export","status":"running"}
{"phase":"review-export","status":"complete"}
{
  "status": "complete",
  "output": "/data/liaozijie/hate_speech_detection/exps/causal_context/general_model_ld_nolabel_paired_cases_v1/runs/paired-cases-02",
  "phases": {
    "validate": {
      "status": "complete",
      "started_at": "2026-09-07T10:32:50.534440+00:00",
      "completed_at": "2026-09-07T10:32:56.525866+00:00"
    },
    "analyze": {
      "status": "complete",
      "started_at": "2026-09-07T10:32:56.546031+00:00",
      "completed_at": "2026-09-07T10:32:58.098527+00:00"
    },
    "select": {
      "status": "complete",
      "started_at": "2026-09-07T10:32:58.125881+00:00",
      "completed_at": "2026-09-07T10:32:58.242983+00:00"
    },
    "review-export": {
      "status": "complete",
      "started_at": "2026-09-07T10:32:58.274129+00:00",
      "completed_at": "2026-09-07T10:32:58.929924+00:00"
    }
  }
}
