{"stage": "evidence-loading-fp32-replicas", "conditions": 208, "baselines": 80}
[HAMI-core Msg(565650:140636699577216:libvgpu.c:856)]: Initializing.....
[HAMI-core Msg(565649:140634734599040:libvgpu.c:856)]: Initializing.....
[HAMI-core Msg(565649:140634734599040:utils.c:32)]: unified_lock locked, waiting 1 second...
[HAMI-core ERROR (pid:565650 thread=140636699577216 utils.c:160)]: host pid is error!
[HAMI-core Msg(565650:140636699577216:libvgpu.c:878)]: Initialized
[HAMI-core Warn(565650:140636699577216:libvgpu.c:880)]: SET_TASK_PID FAILED.
[HAMI-core ERROR (pid:565649 thread=140634734599040 utils.c:160)]: host pid is error!
[HAMI-core Msg(565649:140634734599040:libvgpu.c:878)]: Initialized
[HAMI-core Warn(565649:140634734599040:libvgpu.c:880)]: SET_TASK_PID FAILED.
Loading checkpoint shards:   0%|          | 0/5 [00:00<?, ?it/s]Loading checkpoint shards:  20%|██        | 1/5 [00:00<00:00,  6.00it/s]Loading checkpoint shards:  40%|████      | 2/5 [00:00<00:00,  6.96it/s]Loading checkpoint shards:  60%|██████    | 3/5 [00:00<00:00,  6.24it/s]Loading checkpoint shards:  80%|████████  | 4/5 [00:00<00:00,  7.08it/s]Loading checkpoint shards: 100%|██████████| 5/5 [00:00<00:00,  8.27it/s]
Loading checkpoint shards:   0%|          | 0/5 [00:00<?, ?it/s]Loading checkpoint shards:  20%|██        | 1/5 [00:00<00:00,  6.45it/s]Loading checkpoint shards:  40%|████      | 2/5 [00:00<00:00,  7.58it/s]Loading checkpoint shards:  60%|██████    | 3/5 [00:00<00:00,  8.08it/s]Loading checkpoint shards:  80%|████████  | 4/5 [00:00<00:00,  7.27it/s]Loading checkpoint shards: 100%|██████████| 5/5 [00:00<00:00,  8.91it/s]
{"stage": "numeric-pool-ready", "device_indices": [1, 2], "runtime_sha256": "598b613bbf288cdf571e88dcd6494234767582cdd7681e7dd8d74fa5847f96be"}
{"stage": "evidence-pass-start", "pass_name": "regression-b1-r0", "blocks": 80}
{"stage": "scoring-v2", "pass_name": "regression-b1-r0", "completed_blocks": 12, "expected_blocks": 40, "elapsed_seconds": 12.47}
{"stage": "scoring-v2", "pass_name": "regression-b1-r0", "completed_blocks": 12, "expected_blocks": 40, "elapsed_seconds": 13.15}
{"stage": "scoring-v2", "pass_name": "regression-b1-r0", "completed_blocks": 24, "expected_blocks": 40, "elapsed_seconds": 24.83}
{"stage": "scoring-v2", "pass_name": "regression-b1-r0", "completed_blocks": 24, "expected_blocks": 40, "elapsed_seconds": 26.4}
{"stage": "scoring-v2", "pass_name": "regression-b1-r0", "completed_blocks": 36, "expected_blocks": 40, "elapsed_seconds": 37.3}
{"stage": "scoring-v2", "pass_name": "regression-b1-r0", "completed_blocks": 36, "expected_blocks": 40, "elapsed_seconds": 39.65}
{"stage": "scoring-v2", "pass_name": "regression-b1-r0", "completed_blocks": 40, "expected_blocks": 40, "elapsed_seconds": 41.34}
{"stage": "scoring-v2", "pass_name": "regression-b1-r0", "completed_blocks": 40, "expected_blocks": 40, "elapsed_seconds": 44.03}
{"stage": "evidence-pass-verified", "pass": "regression-b1-r0", "check": "historical_replay", "max_abs_error": 0.0, "limit": 0.0013427734375, "passed": true}
{"stage": "evidence-pass-start", "pass_name": "regression-b1-r1", "blocks": 80}
{"stage": "scoring-v2", "pass_name": "regression-b1-r1", "completed_blocks": 12, "expected_blocks": 40, "elapsed_seconds": 12.77}
{"stage": "scoring-v2", "pass_name": "regression-b1-r1", "completed_blocks": 12, "expected_blocks": 40, "elapsed_seconds": 13.71}
{"stage": "scoring-v2", "pass_name": "regression-b1-r1", "completed_blocks": 24, "expected_blocks": 40, "elapsed_seconds": 25.14}
{"stage": "scoring-v2", "pass_name": "regression-b1-r1", "completed_blocks": 24, "expected_blocks": 40, "elapsed_seconds": 27.16}
{"stage": "scoring-v2", "pass_name": "regression-b1-r1", "completed_blocks": 36, "expected_blocks": 40, "elapsed_seconds": 37.89}
{"stage": "scoring-v2", "pass_name": "regression-b1-r1", "completed_blocks": 36, "expected_blocks": 40, "elapsed_seconds": 40.75}
{"stage": "scoring-v2", "pass_name": "regression-b1-r1", "completed_blocks": 40, "expected_blocks": 40, "elapsed_seconds": 41.98}
{"stage": "scoring-v2", "pass_name": "regression-b1-r1", "completed_blocks": 40, "expected_blocks": 40, "elapsed_seconds": 45.2}
{"stage": "evidence-pass-verified", "pass": "regression-b1-r1", "check": "repeat", "max_abs_error": 0.0, "limit": 0.0001, "passed": true, "manifest_sha256": "f355f5d5f901d76b8c0c543126676d7b6a95769c322b295df0c8d83517525468"}
{"stage": "evidence-pass-start", "pass_name": "content-b1-r0", "blocks": 208}
{"stage": "scoring-v2", "pass_name": "content-b1-r0", "completed_blocks": 12, "expected_blocks": 104, "elapsed_seconds": 12.9}
{"stage": "scoring-v2", "pass_name": "content-b1-r0", "completed_blocks": 12, "expected_blocks": 104, "elapsed_seconds": 13.67}
{"stage": "scoring-v2", "pass_name": "content-b1-r0", "completed_blocks": 24, "expected_blocks": 104, "elapsed_seconds": 25.94}
{"stage": "scoring-v2", "pass_name": "content-b1-r0", "completed_blocks": 24, "expected_blocks": 104, "elapsed_seconds": 27.47}
{"stage": "scoring-v2", "pass_name": "content-b1-r0", "completed_blocks": 36, "expected_blocks": 104, "elapsed_seconds": 38.94}
{"stage": "scoring-v2", "pass_name": "content-b1-r0", "completed_blocks": 36, "expected_blocks": 104, "elapsed_seconds": 41.2}
{"stage": "scoring-v2", "pass_name": "content-b1-r0", "completed_blocks": 48, "expected_blocks": 104, "elapsed_seconds": 51.94}
{"stage": "scoring-v2", "pass_name": "content-b1-r0", "completed_blocks": 48, "expected_blocks": 104, "elapsed_seconds": 55.0}
{"stage": "scoring-v2", "pass_name": "content-b1-r0", "completed_blocks": 60, "expected_blocks": 104, "elapsed_seconds": 64.97}
{"stage": "scoring-v2", "pass_name": "content-b1-r0", "completed_blocks": 60, "expected_blocks": 104, "elapsed_seconds": 68.89}
{"stage": "scoring-v2", "pass_name": "content-b1-r0", "completed_blocks": 72, "expected_blocks": 104, "elapsed_seconds": 78.27}
{"stage": "scoring-v2", "pass_name": "content-b1-r0", "completed_blocks": 72, "expected_blocks": 104, "elapsed_seconds": 83.14}
{"stage": "scoring-v2", "pass_name": "content-b1-r0", "completed_blocks": 84, "expected_blocks": 104, "elapsed_seconds": 91.66}
{"stage": "scoring-v2", "pass_name": "content-b1-r0", "completed_blocks": 84, "expected_blocks": 104, "elapsed_seconds": 97.01}
{"stage": "scoring-v2", "pass_name": "content-b1-r0", "completed_blocks": 96, "expected_blocks": 104, "elapsed_seconds": 104.75}
{"stage": "scoring-v2", "pass_name": "content-b1-r0", "completed_blocks": 96, "expected_blocks": 104, "elapsed_seconds": 110.76}
{"stage": "scoring-v2", "pass_name": "content-b1-r0", "completed_blocks": 104, "expected_blocks": 104, "elapsed_seconds": 112.95}
{"stage": "scoring-v2", "pass_name": "content-b1-r0", "completed_blocks": 104, "expected_blocks": 104, "elapsed_seconds": 119.56}
{"stage": "evidence-pass-verified", "pass": "content-b1-r0", "check": "raw_baseline_replay", "max_abs_error": 0.0, "limit": 0.0013427734375, "passed": true}
{"stage": "evidence-pass-start", "pass_name": "content-b1-r1", "blocks": 208}
{"stage": "scoring-v2", "pass_name": "content-b1-r1", "completed_blocks": 12, "expected_blocks": 104, "elapsed_seconds": 13.41}
{"stage": "scoring-v2", "pass_name": "content-b1-r1", "completed_blocks": 12, "expected_blocks": 104, "elapsed_seconds": 14.59}
{"stage": "scoring-v2", "pass_name": "content-b1-r1", "completed_blocks": 24, "expected_blocks": 104, "elapsed_seconds": 26.82}
{"stage": "scoring-v2", "pass_name": "content-b1-r1", "completed_blocks": 24, "expected_blocks": 104, "elapsed_seconds": 28.98}
{"stage": "scoring-v2", "pass_name": "content-b1-r1", "completed_blocks": 36, "expected_blocks": 104, "elapsed_seconds": 39.8}
{"stage": "scoring-v2", "pass_name": "content-b1-r1", "completed_blocks": 36, "expected_blocks": 104, "elapsed_seconds": 42.67}
{"stage": "scoring-v2", "pass_name": "content-b1-r1", "completed_blocks": 48, "expected_blocks": 104, "elapsed_seconds": 52.76}
{"stage": "scoring-v2", "pass_name": "content-b1-r1", "completed_blocks": 48, "expected_blocks": 104, "elapsed_seconds": 56.2}
{"stage": "scoring-v2", "pass_name": "content-b1-r1", "completed_blocks": 60, "expected_blocks": 104, "elapsed_seconds": 65.82}
{"stage": "scoring-v2", "pass_name": "content-b1-r1", "completed_blocks": 60, "expected_blocks": 104, "elapsed_seconds": 70.01}
{"stage": "scoring-v2", "pass_name": "content-b1-r1", "completed_blocks": 72, "expected_blocks": 104, "elapsed_seconds": 79.08}
{"stage": "scoring-v2", "pass_name": "content-b1-r1", "completed_blocks": 72, "expected_blocks": 104, "elapsed_seconds": 84.07}
{"stage": "scoring-v2", "pass_name": "content-b1-r1", "completed_blocks": 84, "expected_blocks": 104, "elapsed_seconds": 92.43}
{"stage": "scoring-v2", "pass_name": "content-b1-r1", "completed_blocks": 84, "expected_blocks": 104, "elapsed_seconds": 97.93}
{"stage": "scoring-v2", "pass_name": "content-b1-r1", "completed_blocks": 96, "expected_blocks": 104, "elapsed_seconds": 105.49}
{"stage": "scoring-v2", "pass_name": "content-b1-r1", "completed_blocks": 96, "expected_blocks": 104, "elapsed_seconds": 111.77}
{"stage": "scoring-v2", "pass_name": "content-b1-r1", "completed_blocks": 104, "expected_blocks": 104, "elapsed_seconds": 113.71}
{"stage": "scoring-v2", "pass_name": "content-b1-r1", "completed_blocks": 104, "expected_blocks": 104, "elapsed_seconds": 120.64}
{"stage": "evidence-pass-verified", "pass": "content-b1-r1", "check": "repeat", "max_abs_error": 0.0, "limit": 0.0001, "passed": true, "manifest_sha256": "94afeac0dff8b8628820753f5eba629db747767656b0a0ff3127930f38dc3ff8"}
{"stage": "evidence-pass-start", "pass_name": "content-b1-padding", "blocks": 208}
{"stage": "scoring-v2", "pass_name": "content-b1-padding", "completed_blocks": 12, "expected_blocks": 104, "elapsed_seconds": 13.84}
{"stage": "scoring-v2", "pass_name": "content-b1-padding", "completed_blocks": 12, "expected_blocks": 104, "elapsed_seconds": 14.8}
{"stage": "scoring-v2", "pass_name": "content-b1-padding", "completed_blocks": 24, "expected_blocks": 104, "elapsed_seconds": 27.68}
{"stage": "scoring-v2", "pass_name": "content-b1-padding", "completed_blocks": 24, "expected_blocks": 104, "elapsed_seconds": 29.61}
{"stage": "scoring-v2", "pass_name": "content-b1-padding", "completed_blocks": 36, "expected_blocks": 104, "elapsed_seconds": 41.7}
{"stage": "scoring-v2", "pass_name": "content-b1-padding", "completed_blocks": 36, "expected_blocks": 104, "elapsed_seconds": 44.24}
{"stage": "scoring-v2", "pass_name": "content-b1-padding", "completed_blocks": 48, "expected_blocks": 104, "elapsed_seconds": 55.31}
{"stage": "scoring-v2", "pass_name": "content-b1-padding", "completed_blocks": 48, "expected_blocks": 104, "elapsed_seconds": 58.58}
{"stage": "scoring-v2", "pass_name": "content-b1-padding", "completed_blocks": 60, "expected_blocks": 104, "elapsed_seconds": 69.13}
{"stage": "scoring-v2", "pass_name": "content-b1-padding", "completed_blocks": 60, "expected_blocks": 104, "elapsed_seconds": 73.28}
{"stage": "scoring-v2", "pass_name": "content-b1-padding", "completed_blocks": 72, "expected_blocks": 104, "elapsed_seconds": 83.13}
{"stage": "scoring-v2", "pass_name": "content-b1-padding", "completed_blocks": 72, "expected_blocks": 104, "elapsed_seconds": 88.18}
{"stage": "scoring-v2", "pass_name": "content-b1-padding", "completed_blocks": 84, "expected_blocks": 104, "elapsed_seconds": 97.23}
{"stage": "scoring-v2", "pass_name": "content-b1-padding", "completed_blocks": 84, "expected_blocks": 104, "elapsed_seconds": 102.73}
{"stage": "scoring-v2", "pass_name": "content-b1-padding", "completed_blocks": 96, "expected_blocks": 104, "elapsed_seconds": 110.93}
{"stage": "scoring-v2", "pass_name": "content-b1-padding", "completed_blocks": 96, "expected_blocks": 104, "elapsed_seconds": 117.18}
{"stage": "scoring-v2", "pass_name": "content-b1-padding", "completed_blocks": 104, "expected_blocks": 104, "elapsed_seconds": 119.62}
{"stage": "scoring-v2", "pass_name": "content-b1-padding", "completed_blocks": 104, "expected_blocks": 104, "elapsed_seconds": 126.47}
{"stage": "evidence-pass-verified", "pass": "content-b1-padding", "check": "padding", "max_abs_error": 0.000141143798828125, "limit": 0.0013427734375, "passed": true, "manifest_sha256": "134bc54dd60d6e9388646f9819e0c3d20a765dbb16dde5049a62973744307020"}
{"stage": "evidence-pass-start", "pass_name": "content-b1-prefix", "blocks": 208}
{"stage": "scoring-v2", "pass_name": "content-b1-prefix", "completed_blocks": 12, "expected_blocks": 104, "elapsed_seconds": 60.13}
{"stage": "scoring-v2", "pass_name": "content-b1-prefix", "completed_blocks": 12, "expected_blocks": 104, "elapsed_seconds": 64.36}
{"stage": "scoring-v2", "pass_name": "content-b1-prefix", "completed_blocks": 24, "expected_blocks": 104, "elapsed_seconds": 119.41}
{"stage": "scoring-v2", "pass_name": "content-b1-prefix", "completed_blocks": 24, "expected_blocks": 104, "elapsed_seconds": 127.2}
{"stage": "scoring-v2", "pass_name": "content-b1-prefix", "completed_blocks": 36, "expected_blocks": 104, "elapsed_seconds": 178.55}
{"stage": "scoring-v2", "pass_name": "content-b1-prefix", "completed_blocks": 36, "expected_blocks": 104, "elapsed_seconds": 189.99}
{"stage": "scoring-v2", "pass_name": "content-b1-prefix", "completed_blocks": 48, "expected_blocks": 104, "elapsed_seconds": 237.86}
{"stage": "scoring-v2", "pass_name": "content-b1-prefix", "completed_blocks": 48, "expected_blocks": 104, "elapsed_seconds": 253.11}
{"stage": "scoring-v2", "pass_name": "content-b1-prefix", "completed_blocks": 60, "expected_blocks": 104, "elapsed_seconds": 297.61}
{"stage": "scoring-v2", "pass_name": "content-b1-prefix", "completed_blocks": 60, "expected_blocks": 104, "elapsed_seconds": 316.89}
{"stage": "scoring-v2", "pass_name": "content-b1-prefix", "completed_blocks": 72, "expected_blocks": 104, "elapsed_seconds": 357.43}
{"stage": "scoring-v2", "pass_name": "content-b1-prefix", "completed_blocks": 72, "expected_blocks": 104, "elapsed_seconds": 380.7}
{"stage": "scoring-v2", "pass_name": "content-b1-prefix", "completed_blocks": 84, "expected_blocks": 104, "elapsed_seconds": 403.02}
{"stage": "scoring-v2", "pass_name": "content-b1-prefix", "completed_blocks": 84, "expected_blocks": 104, "elapsed_seconds": 427.72}
{"stage": "scoring-v2", "pass_name": "content-b1-prefix", "completed_blocks": 96, "expected_blocks": 104, "elapsed_seconds": 435.86}
{"stage": "scoring-v2", "pass_name": "content-b1-prefix", "completed_blocks": 104, "expected_blocks": 104, "elapsed_seconds": 456.58}
{"stage": "scoring-v2", "pass_name": "content-b1-prefix", "completed_blocks": 96, "expected_blocks": 104, "elapsed_seconds": 462.77}
{"stage": "scoring-v2", "pass_name": "content-b1-prefix", "completed_blocks": 104, "expected_blocks": 104, "elapsed_seconds": 485.66}
{"stage": "evidence-pass-verified", "pass": "content-b1-prefix", "check": "prefix", "max_abs_error": 9.918212890625e-05, "limit": 0.0013427734375, "passed": true, "manifest_sha256": "b2467678063a675220a2654c68c5cd7671ed15ebddf6db2bf02ca374a5975cbb"}
{"stage": "evidence-pass-start", "pass_name": "content-b1-members", "blocks": 208}
{"stage": "scoring-v2", "pass_name": "content-b1-members", "completed_blocks": 12, "expected_blocks": 104, "elapsed_seconds": 13.14}
{"stage": "scoring-v2", "pass_name": "content-b1-members", "completed_blocks": 12, "expected_blocks": 104, "elapsed_seconds": 14.65}
{"stage": "scoring-v2", "pass_name": "content-b1-members", "completed_blocks": 24, "expected_blocks": 104, "elapsed_seconds": 26.24}
{"stage": "scoring-v2", "pass_name": "content-b1-members", "completed_blocks": 24, "expected_blocks": 104, "elapsed_seconds": 28.6}
{"stage": "scoring-v2", "pass_name": "content-b1-members", "completed_blocks": 36, "expected_blocks": 104, "elapsed_seconds": 39.28}
{"stage": "scoring-v2", "pass_name": "content-b1-members", "completed_blocks": 36, "expected_blocks": 104, "elapsed_seconds": 42.65}
{"stage": "scoring-v2", "pass_name": "content-b1-members", "completed_blocks": 48, "expected_blocks": 104, "elapsed_seconds": 52.44}
{"stage": "scoring-v2", "pass_name": "content-b1-members", "completed_blocks": 48, "expected_blocks": 104, "elapsed_seconds": 56.93}
{"stage": "scoring-v2", "pass_name": "content-b1-members", "completed_blocks": 60, "expected_blocks": 104, "elapsed_seconds": 65.7}
{"stage": "scoring-v2", "pass_name": "content-b1-members", "completed_blocks": 60, "expected_blocks": 104, "elapsed_seconds": 71.16}
{"stage": "scoring-v2", "pass_name": "content-b1-members", "completed_blocks": 72, "expected_blocks": 104, "elapsed_seconds": 78.85}
{"stage": "scoring-v2", "pass_name": "content-b1-members", "completed_blocks": 72, "expected_blocks": 104, "elapsed_seconds": 85.26}
{"stage": "scoring-v2", "pass_name": "content-b1-members", "completed_blocks": 84, "expected_blocks": 104, "elapsed_seconds": 92.09}
{"stage": "scoring-v2", "pass_name": "content-b1-members", "completed_blocks": 84, "expected_blocks": 104, "elapsed_seconds": 99.18}
{"stage": "scoring-v2", "pass_name": "content-b1-members", "completed_blocks": 96, "expected_blocks": 104, "elapsed_seconds": 105.32}
{"stage": "scoring-v2", "pass_name": "content-b1-members", "completed_blocks": 96, "expected_blocks": 104, "elapsed_seconds": 113.3}
{"stage": "scoring-v2", "pass_name": "content-b1-members", "completed_blocks": 104, "expected_blocks": 104, "elapsed_seconds": 113.58}
{"stage": "scoring-v2", "pass_name": "content-b1-members", "completed_blocks": 104, "expected_blocks": 104, "elapsed_seconds": 122.32}
{"stage": "evidence-pass-verified", "pass": "content-b1-members", "check": "members", "max_abs_error": 0.0, "limit": 0.0013427734375, "passed": true, "manifest_sha256": "bee7f308c02851ee6f55f6d79a5ca5b5d1c7dccaf61333efc6f7f6941eb5d77e"}
{"stage": "evidence-pass-start", "pass_name": "content-b1-replica", "blocks": 208}
{"stage": "scoring-v2", "pass_name": "content-b1-replica", "completed_blocks": 12, "expected_blocks": 104, "elapsed_seconds": 13.43}
{"stage": "scoring-v2", "pass_name": "content-b1-replica", "completed_blocks": 12, "expected_blocks": 104, "elapsed_seconds": 14.31}
{"stage": "scoring-v2", "pass_name": "content-b1-replica", "completed_blocks": 24, "expected_blocks": 104, "elapsed_seconds": 27.21}
{"stage": "scoring-v2", "pass_name": "content-b1-replica", "completed_blocks": 24, "expected_blocks": 104, "elapsed_seconds": 28.95}
{"stage": "scoring-v2", "pass_name": "content-b1-replica", "completed_blocks": 36, "expected_blocks": 104, "elapsed_seconds": 40.92}
{"stage": "scoring-v2", "pass_name": "content-b1-replica", "completed_blocks": 36, "expected_blocks": 104, "elapsed_seconds": 43.41}
{"stage": "scoring-v2", "pass_name": "content-b1-replica", "completed_blocks": 48, "expected_blocks": 104, "elapsed_seconds": 54.27}
{"stage": "scoring-v2", "pass_name": "content-b1-replica", "completed_blocks": 48, "expected_blocks": 104, "elapsed_seconds": 57.36}
{"stage": "scoring-v2", "pass_name": "content-b1-replica", "completed_blocks": 60, "expected_blocks": 104, "elapsed_seconds": 67.57}
{"stage": "scoring-v2", "pass_name": "content-b1-replica", "completed_blocks": 60, "expected_blocks": 104, "elapsed_seconds": 71.16}
{"stage": "scoring-v2", "pass_name": "content-b1-replica", "completed_blocks": 72, "expected_blocks": 104, "elapsed_seconds": 80.89}
{"stage": "scoring-v2", "pass_name": "content-b1-replica", "completed_blocks": 72, "expected_blocks": 104, "elapsed_seconds": 85.12}
{"stage": "scoring-v2", "pass_name": "content-b1-replica", "completed_blocks": 84, "expected_blocks": 104, "elapsed_seconds": 94.65}
{"stage": "scoring-v2", "pass_name": "content-b1-replica", "completed_blocks": 84, "expected_blocks": 104, "elapsed_seconds": 99.59}
{"stage": "scoring-v2", "pass_name": "content-b1-replica", "completed_blocks": 96, "expected_blocks": 104, "elapsed_seconds": 108.2}
{"stage": "scoring-v2", "pass_name": "content-b1-replica", "completed_blocks": 96, "expected_blocks": 104, "elapsed_seconds": 113.68}
{"stage": "scoring-v2", "pass_name": "content-b1-replica", "completed_blocks": 104, "expected_blocks": 104, "elapsed_seconds": 116.79}
{"stage": "scoring-v2", "pass_name": "content-b1-replica", "completed_blocks": 104, "expected_blocks": 104, "elapsed_seconds": 122.52}
{"stage": "evidence-pass-verified", "pass": "content-b1-replica", "check": "replica", "max_abs_error": 0.0, "limit": 0.0013427734375, "passed": true, "manifest_sha256": "c03aa19b153175ab2308e8ca6ef4960b373cc1230c471d68cee145b515f7571d"}
{"stage": "evidence-scoring-complete", "blocks": 208, "candidates": 416}
[HAMI-core Msg(565650:140636699577216:multiprocess_memory_limit.c:455)]: Calling exit handler 565650
[HAMI-core Msg(565649:140634734599040:multiprocess_memory_limit.c:455)]: Calling exit handler 565649
